============================= test session starts =============================
platform win32 -- Python 3.14.3, pytest-9.0.2, pluggy-1.6.0 -- C:\Python314\python.exe
cachedir: .pytest_cache
rootdir: D:\ai-meeting-assitant\server
plugins: anyio-4.12.1
collecting ... collected 4 items

tests/test_phase3_transcription_translation.py::test_transcription_with_mock_data PASSED [ 25%]
tests/test_phase3_transcription_translation.py::test_translation_task PASSED [ 50%]
tests/test_phase3_transcription_translation.py::test_meeting_with_transcript_response PASSED [ 75%]
tests/test_phase3_transcription_translation.py::test_transcript_chunks_endpoint PASSED [100%]

============================== warnings summary ===============================
app\core\config.py:5
  D:\ai-meeting-assitant\server\app\core\config.py:5: PydanticDeprecatedSince20: Support for class-based `config` is deprecated, use ConfigDict instead. Deprecated in Pydantic V2.0 to be removed in V3.0. See Pydantic V2 Migration Guide at https://errors.pydantic.dev/2.12/migration/
    class Settings(BaseSettings):

tests/test_phase3_transcription_translation.py: 18 warnings
  C:\Users\mores\AppData\Roaming\Python\Python314\site-packages\sqlalchemy\sql\schema.py:3624: DeprecationWarning: datetime.datetime.utcnow() is deprecated and scheduled for removal in a future version. Use timezone-aware objects to represent datetimes in UTC: datetime.datetime.now(datetime.UTC).
    return util.wrap_callable(lambda ctx: fn(), fn)  # type: ignore

tests/test_phase3_transcription_translation.py::test_transcription_with_mock_data
tests/test_phase3_transcription_translation.py::test_translation_task
tests/test_phase3_transcription_translation.py::test_meeting_with_transcript_response
tests/test_phase3_transcription_translation.py::test_transcript_chunks_endpoint
  D:\ai-meeting-assitant\server\app\core\redis.py:14: DeprecationWarning: Call to deprecated close. (Use aclose() instead) -- Deprecated since version 5.0.1.
    await redis_client.close()

tests/test_phase3_transcription_translation.py::test_translation_task
  D:\ai-meeting-assitant\server\app\workers\translation.py:113: DeprecationWarning: datetime.datetime.utcnow() is deprecated and scheduled for removal in a future version. Use timezone-aware objects to represent datetimes in UTC: datetime.datetime.now(datetime.UTC).
    updated_at=datetime.utcnow()

-- Docs: https://docs.pytest.org/en/stable/how-to/capture-warnings.html
======================= 4 passed, 24 warnings in 36.04s =======================
